Release 14.7 - xst P.20131013 (nt64)
Copyright (c) 1995-2013 Xilinx, Inc.  All rights reserved.
--> Parameter TMPDIR set to xst/projnav.tmp


Total REAL time to Xst completion: 0.00 secs
Total CPU time to Xst completion: 0.11 secs
 
--> Parameter xsthdpdir set to xst


Total REAL time to Xst completion: 0.00 secs
Total CPU time to Xst completion: 0.11 secs
 
--> Reading design: counter.prj

TABLE OF CONTENTS
  1) Synthesis Options Summary
  2) HDL Parsing
  3) HDL Elaboration
  4) HDL Synthesis
       4.1) HDL Synthesis Report
  5) Advanced HDL Synthesis
       5.1) Advanced HDL Synthesis Report
  6) Low Level Synthesis
  7) Partition Report
  8) Design Summary
       8.1) Primitive and Black Box Usage
       8.2) Device utilization summary
       8.3) Partition Resource Summary
       8.4) Timing Report
            8.4.1) Clock Information
            8.4.2) Asynchronous Control Signals Information
            8.4.3) Timing Summary
            8.4.4) Timing Details
            8.4.5) Cross Clock Domains Report


=========================================================================
*                      Synthesis Options Summary                        *
=========================================================================
---- Source Parameters
Input File Name                    : "counter.prj"
Ignore Synthesis Constraint File   : NO

---- Target Parameters
Output File Name                   : "counter"
Output Format                      : NGC
Target Device                      : xc7a100t-1-csg324

---- Source Options
Top Module Name                    : counter
Automatic FSM Extraction           : YES
FSM Encoding Algorithm             : Auto
Safe Implementation                : No
FSM Style                          : LUT
RAM Extraction                     : Yes
RAM Style                          : Auto
ROM Extraction                     : Yes
Shift Register Extraction          : YES
ROM Style                          : Auto
Resource Sharing                   : YES
Asynchronous To Synchronous        : NO
Shift Register Minimum Size        : 2
Use DSP Block                      : Auto
Automatic Register Balancing       : No

---- Target Options
LUT Combining                      : Auto
Reduce Control Sets                : Auto
Add IO Buffers                     : YES
Global Maximum Fanout              : 100000
Add Generic Clock Buffer(BUFG)     : 32
Register Duplication               : YES
Optimize Instantiated Primitives   : NO
Use Clock Enable                   : Auto
Use Synchronous Set                : Auto
Use Synchronous Reset              : Auto
Pack IO Registers into IOBs        : Auto
Equivalent register Removal        : YES

---- General Options
Optimization Goal                  : Speed
Optimization Effort                : 1
Power Reduction                    : NO
Keep Hierarchy                     : No
Netlist Hierarchy                  : As_Optimized
RTL Output                         : Yes
Global Optimization                : AllClockNets
Read Cores                         : YES
Write Timing Constraints           : NO
Cross Clock Analysis               : NO
Hierarchy Separator                : /
Bus Delimiter                      : <>
Case Specifier                     : Maintain
Slice Utilization Ratio            : 100
BRAM Utilization Ratio             : 100
DSP48 Utilization Ratio            : 100
Auto BRAM Packing                  : NO
Slice Utilization Ratio Delta      : 5

=========================================================================


=========================================================================
*                          HDL Parsing                                  *
=========================================================================
Analyzing Verilog file "D:\binary_counter\clock_divider.v" into library work
Parsing module <clock_divider>.
Analyzing Verilog file "D:\binary_counter\counter.v" into library work
Parsing module <counter>.

=========================================================================
*                            HDL Elaboration                            *
=========================================================================

Elaborating module <counter>.

Elaborating module <clock_divider>.

=========================================================================
*                           HDL Synthesis                               *
=========================================================================

Synthesizing Unit <counter>.
    Related source file is "D:\binary_counter\counter.v".
    Found 4-bit register for signal <out>.
    Found 4-bit adder for signal <out[3]_GND_1_o_add_0_OUT> created at line 35.
    Summary:
	inferred   1 Adder/Subtractor(s).
	inferred   4 D-type flip-flop(s).
Unit <counter> synthesized.

Synthesizing Unit <clock_divider>.
    Related source file is "D:\binary_counter\clock_divider.v".
    Found 26-bit register for signal <counter>.
    Found 26-bit adder for signal <counter[25]_GND_2_o_add_0_OUT> created at line 28.
    Summary:
	inferred   1 Adder/Subtractor(s).
	inferred  26 D-type flip-flop(s).
Unit <clock_divider> synthesized.

=========================================================================
HDL Synthesis Report

Macro Statistics
# Adders/Subtractors                                   : 2
 26-bit adder                                          : 1
 4-bit adder                                           : 1
# Registers                                            : 2
 26-bit register                                       : 1
 4-bit register                                        : 1

=========================================================================

=========================================================================
*                       Advanced HDL Synthesis                          *
=========================================================================


Synthesizing (advanced) Unit <clock_divider>.
The following registers are absorbed into counter <counter>: 1 register on signal <counter>.
Unit <clock_divider> synthesized (advanced).

Synthesizing (advanced) Unit <counter>.
The following registers are absorbed into counter <out>: 1 register on signal <out>.
Unit <counter> synthesized (advanced).

=========================================================================
Advanced HDL Synthesis Report

Macro Statistics
# Counters                                             : 2
 26-bit up counter                                     : 1
 4-bit up counter                                      : 1

=========================================================================

=========================================================================
*                         Low Level Synthesis                           *
=========================================================================

Optimizing unit <counter> ...

Mapping all equations...
Building and optimizing final netlist ...
Found area constraint ratio of 100 (+ 5) on block counter, actual ratio is 0.

Final Macro Processing ...

=========================================================================
Final Register Report

Macro Statistics
# Registers                                            : 30
 Flip-Flops                                            : 30

=========================================================================

=========================================================================
*                           Partition Report                            *
=========================================================================

Partition Implementation Status
-------------------------------

  No Partitions were found in this design.

-------------------------------

=========================================================================
*                            Design Summary                             *
=========================================================================

Top Level Output File Name         : counter.ngc

Primitive and Black Box Usage:
------------------------------
# BELS                             : 83
#      GND                         : 1
#      INV                         : 2
#      LUT1                        : 25
#      LUT2                        : 1
#      LUT3                        : 1
#      LUT4                        : 1
#      MUXCY                       : 25
#      VCC                         : 1
#      XORCY                       : 26
# FlipFlops/Latches                : 30
#      FDC                         : 30
# Clock Buffers                    : 1
#      BUFGP                       : 1
# IO Buffers                       : 5
#      IBUF                        : 1
#      OBUF                        : 4

Device utilization summary:
---------------------------

Selected Device : 7a100tcsg324-1 


Slice Logic Utilization: 
 Number of Slice Registers:              30  out of  126800     0%  
 Number of Slice LUTs:                   30  out of  63400     0%  
    Number used as Logic:                30  out of  63400     0%  

Slice Logic Distribution: 
 Number of LUT Flip Flop pairs used:     30
   Number with an unused Flip Flop:       0  out of     30     0%  
   Number with an unused LUT:             0  out of     30     0%  
   Number of fully used LUT-FF pairs:    30  out of     30   100%  
   Number of unique control sets:         2

IO Utilization: 
 Number of IOs:                           6
 Number of bonded IOBs:                   6  out of    210     2%  

Specific Feature Utilization:
 Number of BUFG/BUFGCTRLs:                1  out of     32     3%  

---------------------------
Partition Resource Summary:
---------------------------

  No Partitions were found in this design.

---------------------------


=========================================================================
Timing Report

NOTE: THESE TIMING NUMBERS ARE ONLY A SYNTHESIS ESTIMATE.
      FOR ACCURATE TIMING INFORMATION PLEASE REFER TO THE TRACE REPORT
      GENERATED AFTER PLACE-and-ROUTE.

Clock Information:
------------------
-----------------------------------+------------------------+-------+
Clock Signal                       | Clock buffer(FF name)  | Load  |
-----------------------------------+------------------------+-------+
clk                                | BUFGP                  | 26    |
a0/counter_25                      | NONE(out_0)            | 4     |
-----------------------------------+------------------------+-------+
INFO:Xst:2169 - HDL ADVISOR - Some clock signals were not automatically buffered by XST with BUFG/BUFR resources. Please use the buffer_type constraint in order to insert these buffers to the clock signals to help prevent skew problems.

Asynchronous Control Signals Information:
----------------------------------------
No asynchronous control signals found in this design

Timing Summary:
---------------
Speed Grade: -1

   Minimum period: 2.737ns (Maximum Frequency: 365.364MHz)
   Minimum input arrival time before clock: 1.046ns
   Maximum output required time after clock: 0.904ns
   Maximum combinational path delay: No path found

Timing Details:
---------------
All values displayed in nanoseconds (ns)

=========================================================================
Timing constraint: Default period analysis for Clock 'clk'
  Clock period: 2.737ns (frequency: 365.364MHz)
  Total number of paths / destination ports: 351 / 26
-------------------------------------------------------------------------
Delay:               2.737ns (Levels of Logic = 27)
  Source:            a0/counter_0 (FF)
  Destination:       a0/counter_25 (FF)
  Source Clock:      clk rising
  Destination Clock: clk rising

  Data Path: a0/counter_0 to a0/counter_25
                                Gate     Net
    Cell:in->out      fanout   Delay   Delay  Logical Name (Net Name)
    ----------------------------------------  ------------
     FDC:C->Q              1   0.478   0.399  a0/counter_0 (a0/counter_0)
     INV:I->O              1   0.146   0.000  a0/Mcount_counter_lut<0>_INV_0 (a0/Mcount_counter_lut<0>)
     MUXCY:S->O            1   0.472   0.000  a0/Mcount_counter_cy<0> (a0/Mcount_counter_cy<0>)
     MUXCY:CI->O           1   0.029   0.000  a0/Mcount_counter_cy<1> (a0/Mcount_counter_cy<1>)
     MUXCY:CI->O           1   0.029   0.000  a0/Mcount_counter_cy<2> (a0/Mcount_counter_cy<2>)
     MUXCY:CI->O           1   0.029   0.000  a0/Mcount_counter_cy<3> (a0/Mcount_counter_cy<3>)
     MUXCY:CI->O           1   0.029   0.000  a0/Mcount_counter_cy<4> (a0/Mcount_counter_cy<4>)
     MUXCY:CI->O           1   0.029   0.000  a0/Mcount_counter_cy<5> (a0/Mcount_counter_cy<5>)
     MUXCY:CI->O           1   0.029   0.000  a0/Mcount_counter_cy<6> (a0/Mcount_counter_cy<6>)
     MUXCY:CI->O           1   0.029   0.000  a0/Mcount_counter_cy<7> (a0/Mcount_counter_cy<7>)
     MUXCY:CI->O           1   0.029   0.000  a0/Mcount_counter_cy<8> (a0/Mcount_counter_cy<8>)
     MUXCY:CI->O           1   0.029   0.000  a0/Mcount_counter_cy<9> (a0/Mcount_counter_cy<9>)
     MUXCY:CI->O           1   0.029   0.000  a0/Mcount_counter_cy<10> (a0/Mcount_counter_cy<10>)
     MUXCY:CI->O           1   0.029   0.000  a0/Mcount_counter_cy<11> (a0/Mcount_counter_cy<11>)
     MUXCY:CI->O           1   0.029   0.000  a0/Mcount_counter_cy<12> (a0/Mcount_counter_cy<12>)
     MUXCY:CI->O           1   0.029   0.000  a0/Mcount_counter_cy<13> (a0/Mcount_counter_cy<13>)
     MUXCY:CI->O           1   0.029   0.000  a0/Mcount_counter_cy<14> (a0/Mcount_counter_cy<14>)
     MUXCY:CI->O           1   0.029   0.000  a0/Mcount_counter_cy<15> (a0/Mcount_counter_cy<15>)
     MUXCY:CI->O           1   0.029   0.000  a0/Mcount_counter_cy<16> (a0/Mcount_counter_cy<16>)
     MUXCY:CI->O           1   0.029   0.000  a0/Mcount_counter_cy<17> (a0/Mcount_counter_cy<17>)
     MUXCY:CI->O           1   0.029   0.000  a0/Mcount_counter_cy<18> (a0/Mcount_counter_cy<18>)
     MUXCY:CI->O           1   0.029   0.000  a0/Mcount_counter_cy<19> (a0/Mcount_counter_cy<19>)
     MUXCY:CI->O           1   0.029   0.000  a0/Mcount_counter_cy<20> (a0/Mcount_counter_cy<20>)
     MUXCY:CI->O           1   0.029   0.000  a0/Mcount_counter_cy<21> (a0/Mcount_counter_cy<21>)
     MUXCY:CI->O           1   0.029   0.000  a0/Mcount_counter_cy<22> (a0/Mcount_counter_cy<22>)
     MUXCY:CI->O           1   0.029   0.000  a0/Mcount_counter_cy<23> (a0/Mcount_counter_cy<23>)
     MUXCY:CI->O           0   0.029   0.000  a0/Mcount_counter_cy<24> (a0/Mcount_counter_cy<24>)
     XORCY:CI->O           1   0.510   0.000  a0/Mcount_counter_xor<25> (Result<25>)
     FDC:D                     0.030          a0/counter_25
    ----------------------------------------
    Total                      2.737ns (2.338ns logic, 0.399ns route)
                                       (85.4% logic, 14.6% route)

=========================================================================
Timing constraint: Default period analysis for Clock 'a0/counter_25'
  Clock period: 1.479ns (frequency: 676.133MHz)
  Total number of paths / destination ports: 10 / 4
-------------------------------------------------------------------------
Delay:               1.479ns (Levels of Logic = 1)
  Source:            out_0 (FF)
  Destination:       out_0 (FF)
  Source Clock:      a0/counter_25 rising
  Destination Clock: a0/counter_25 rising

  Data Path: out_0 to out_0
                                Gate     Net
    Cell:in->out      fanout   Delay   Delay  Logical Name (Net Name)
    ----------------------------------------  ------------
     FDC:C->Q              5   0.478   0.426  out_0 (out_0)
     INV:I->O              1   0.146   0.399  Mcount_out_xor<0>11_INV_0 (Result<0>1)
     FDC:D                     0.030          out_0
    ----------------------------------------
    Total                      1.479ns (0.654ns logic, 0.825ns route)
                                       (44.2% logic, 55.8% route)

=========================================================================
Timing constraint: Default OFFSET IN BEFORE for Clock 'clk'
  Total number of paths / destination ports: 26 / 26
-------------------------------------------------------------------------
Offset:              1.046ns (Levels of Logic = 1)
  Source:            rst (PAD)
  Destination:       a0/counter_0 (FF)
  Destination Clock: clk rising

  Data Path: rst to a0/counter_0
                                Gate     Net
    Cell:in->out      fanout   Delay   Delay  Logical Name (Net Name)
    ----------------------------------------  ------------
     IBUF:I->O            30   0.001   0.551  rst_IBUF (rst_IBUF)
     FDC:CLR                   0.494          a0/counter_0
    ----------------------------------------
    Total                      1.046ns (0.495ns logic, 0.551ns route)
                                       (47.3% logic, 52.7% route)

=========================================================================
Timing constraint: Default OFFSET IN BEFORE for Clock 'a0/counter_25'
  Total number of paths / destination ports: 4 / 4
-------------------------------------------------------------------------
Offset:              1.046ns (Levels of Logic = 1)
  Source:            rst (PAD)
  Destination:       out_0 (FF)
  Destination Clock: a0/counter_25 rising

  Data Path: rst to out_0
                                Gate     Net
    Cell:in->out      fanout   Delay   Delay  Logical Name (Net Name)
    ----------------------------------------  ------------
     IBUF:I->O            30   0.001   0.551  rst_IBUF (rst_IBUF)
     FDC:CLR                   0.494          out_0
    ----------------------------------------
    Total                      1.046ns (0.495ns logic, 0.551ns route)
                                       (47.3% logic, 52.7% route)

=========================================================================
Timing constraint: Default OFFSET OUT AFTER for Clock 'a0/counter_25'
  Total number of paths / destination ports: 4 / 4
-------------------------------------------------------------------------
Offset:              0.904ns (Levels of Logic = 1)
  Source:            out_0 (FF)
  Destination:       out<0> (PAD)
  Source Clock:      a0/counter_25 rising

  Data Path: out_0 to out<0>
                                Gate     Net
    Cell:in->out      fanout   Delay   Delay  Logical Name (Net Name)
    ----------------------------------------  ------------
     FDC:C->Q              5   0.478   0.426  out_0 (out_0)
     OBUF:I->O                 0.000          out_0_OBUF (out<0>)
    ----------------------------------------
    Total                      0.904ns (0.478ns logic, 0.426ns route)
                                       (52.9% logic, 47.1% route)

=========================================================================

Cross Clock Domains Report:
--------------------------

Clock to Setup on destination clock a0/counter_25
---------------+---------+---------+---------+---------+
               | Src:Rise| Src:Fall| Src:Rise| Src:Fall|
Source Clock   |Dest:Rise|Dest:Rise|Dest:Fall|Dest:Fall|
---------------+---------+---------+---------+---------+
a0/counter_25  |    1.479|         |         |         |
---------------+---------+---------+---------+---------+

Clock to Setup on destination clock clk
---------------+---------+---------+---------+---------+
               | Src:Rise| Src:Fall| Src:Rise| Src:Fall|
Source Clock   |Dest:Rise|Dest:Rise|Dest:Fall|Dest:Fall|
---------------+---------+---------+---------+---------+
clk            |    2.737|         |         |         |
---------------+---------+---------+---------+---------+

=========================================================================


Total REAL time to Xst completion: 7.00 secs
Total CPU time to Xst completion: 7.50 secs
 
--> 

Total memory usage is 4616236 kilobytes

Number of errors   :    0 (   0 filtered)
Number of warnings :    0 (   0 filtered)
Number of infos    :    1 (   0 filtered)

