Release 14.7 - xst P.20131013 (nt64)
Copyright (c) 1995-2013 Xilinx, Inc.  All rights reserved.
--> Parameter TMPDIR set to xst/projnav.tmp


Total REAL time to Xst completion: 0.00 secs
Total CPU time to Xst completion: 0.10 secs
 
--> Parameter xsthdpdir set to xst


Total REAL time to Xst completion: 0.00 secs
Total CPU time to Xst completion: 0.10 secs
 
--> Reading design: KGP_RISC.prj

TABLE OF CONTENTS
  1) Synthesis Options Summary
  2) HDL Parsing
  3) HDL Elaboration
  4) HDL Synthesis
       4.1) HDL Synthesis Report
  5) Advanced HDL Synthesis
       5.1) Advanced HDL Synthesis Report
  6) Low Level Synthesis
  7) Partition Report
  8) Design Summary
       8.1) Primitive and Black Box Usage
       8.2) Device utilization summary
       8.3) Partition Resource Summary
       8.4) Timing Report
            8.4.1) Clock Information
            8.4.2) Asynchronous Control Signals Information
            8.4.3) Timing Summary
            8.4.4) Timing Details
            8.4.5) Cross Clock Domains Report


=========================================================================
*                      Synthesis Options Summary                        *
=========================================================================
---- Source Parameters
Input File Name                    : "KGP_RISC.prj"
Ignore Synthesis Constraint File   : NO

---- Target Parameters
Output File Name                   : "KGP_RISC"
Output Format                      : NGC
Target Device                      : xc7a100t-1-csg324

---- Source Options
Top Module Name                    : KGP_RISC
Automatic FSM Extraction           : YES
FSM Encoding Algorithm             : Auto
Safe Implementation                : No
FSM Style                          : LUT
RAM Extraction                     : Yes
RAM Style                          : Auto
ROM Extraction                     : Yes
Shift Register Extraction          : YES
ROM Style                          : Auto
Resource Sharing                   : YES
Asynchronous To Synchronous        : NO
Shift Register Minimum Size        : 2
Use DSP Block                      : Auto
Automatic Register Balancing       : No

---- Target Options
LUT Combining                      : Auto
Reduce Control Sets                : Auto
Add IO Buffers                     : YES
Global Maximum Fanout              : 100000
Add Generic Clock Buffer(BUFG)     : 32
Register Duplication               : YES
Optimize Instantiated Primitives   : NO
Use Clock Enable                   : Auto
Use Synchronous Set                : Auto
Use Synchronous Reset              : Auto
Pack IO Registers into IOBs        : Auto
Equivalent register Removal        : YES

---- General Options
Optimization Goal                  : Speed
Optimization Effort                : 1
Power Reduction                    : NO
Keep Hierarchy                     : No
Netlist Hierarchy                  : As_Optimized
RTL Output                         : Yes
Global Optimization                : AllClockNets
Read Cores                         : YES
Write Timing Constraints           : NO
Cross Clock Analysis               : NO
Hierarchy Separator                : /
Bus Delimiter                      : <>
Case Specifier                     : Maintain
Slice Utilization Ratio            : 100
BRAM Utilization Ratio             : 100
DSP48 Utilization Ratio            : 100
Auto BRAM Packing                  : NO
Slice Utilization Ratio Delta      : 5

=========================================================================


=========================================================================
*                          HDL Parsing                                  *
=========================================================================
Analyzing Verilog file "D:\KGP Semesters\SEM 5\COA LAB\COA-Lab-22\Assignments\Assign 6\KGP_RISC\Look_Ahead_Carry_Unit.v" into library work
Parsing module <Look_Ahead_Carry_Unit>.
Analyzing Verilog file "D:\KGP Semesters\SEM 5\COA LAB\COA-Lab-22\Assignments\Assign 6\KGP_RISC\CLA_4_bit_augmented.v" into library work
Parsing module <CLA_4_bit_augmented>.
Analyzing Verilog file "D:\KGP Semesters\SEM 5\COA LAB\COA-Lab-22\Assignments\Assign 6\KGP_RISC\CLA_16_bit_LCU.v" into library work
Parsing module <CLA_16_bit_LCU>.
Analyzing Verilog file "D:\KGP Semesters\SEM 5\COA LAB\COA-Lab-22\Assignments\Assign 6\KGP_RISC\shiftunit.v" into library work
Parsing module <shiftunit>.
Analyzing Verilog file "D:\KGP Semesters\SEM 5\COA LAB\COA-Lab-22\Assignments\Assign 6\KGP_RISC\mux_32_3X1.v" into library work
Parsing module <mux_32_3X1>.
Analyzing Verilog file "D:\KGP Semesters\SEM 5\COA LAB\COA-Lab-22\Assignments\Assign 6\KGP_RISC\diffunit.v" into library work
Parsing module <diffunit>.
Analyzing Verilog file "D:\KGP Semesters\SEM 5\COA LAB\COA-Lab-22\Assignments\Assign 6\KGP_RISC\adderunit.v" into library work
Parsing module <adderunit>.
Analyzing Verilog file "D:\KGP Semesters\SEM 5\COA LAB\COA-Lab-22\Assignments\Assign 6\KGP_RISC\register_file.v" into library work
Parsing module <register_file>.
Analyzing Verilog file "D:\KGP Semesters\SEM 5\COA LAB\COA-Lab-22\Assignments\Assign 6\KGP_RISC\Instruction_decoder.v" into library work
Parsing module <Instruction_decoder>.
Analyzing Verilog file "D:\KGP Semesters\SEM 5\COA LAB\COA-Lab-22\Assignments\Assign 6\KGP_RISC\dff.v" into library work
Parsing module <dff>.
Analyzing Verilog file "D:\KGP Semesters\SEM 5\COA LAB\COA-Lab-22\Assignments\Assign 6\KGP_RISC\bit_extend_unit.v" into library work
Parsing module <bit_extend_unit>.
Analyzing Verilog file "D:\KGP Semesters\SEM 5\COA LAB\COA-Lab-22\Assignments\Assign 6\KGP_RISC\ALU.v" into library work
Parsing module <ALU>.
Analyzing Verilog file "D:\KGP Semesters\SEM 5\COA LAB\COA-Lab-22\Assignments\Assign 6\KGP_RISC\data_path.v" into library work
Parsing module <data_path>.
Analyzing Verilog file "D:\KGP Semesters\SEM 5\COA LAB\COA-Lab-22\Assignments\Assign 6\KGP_RISC\control_unit.v" into library work
Parsing module <control_unit>.
Analyzing Verilog file "D:\KGP Semesters\SEM 5\COA LAB\COA-Lab-22\Assignments\Assign 6\KGP_RISC\KGP_RISC.v" into library work
Parsing module <KGP_RISC>.

=========================================================================
*                            HDL Elaboration                            *
=========================================================================

Elaborating module <KGP_RISC>.

Elaborating module <control_unit>.

Elaborating module <data_path>.

Elaborating module <mux_32_3X1>.

Elaborating module <Instruction_decoder>.

Elaborating module <bit_extend_unit>.
WARNING:HDLCompiler:1127 - "D:\KGP Semesters\SEM 5\COA LAB\COA-Lab-22\Assignments\Assign 6\KGP_RISC\data_path.v" Line 66: Assignment to pda ignored, since the identifier is never used

Elaborating module <register_file>.
WARNING:HDLCompiler:189 - "D:\KGP Semesters\SEM 5\COA LAB\COA-Lab-22\Assignments\Assign 6\KGP_RISC\register_file.v" Line 34: Size mismatch in connection of port <a0>. Formal port size is 32-bit while actual signal size is 5-bit.

Elaborating module <ALU>.

Elaborating module <adderunit>.

Elaborating module <CLA_16_bit_LCU>.

Elaborating module <Look_Ahead_Carry_Unit>.

Elaborating module <CLA_4_bit_augmented>.
WARNING:HDLCompiler:189 - "D:\KGP Semesters\SEM 5\COA LAB\COA-Lab-22\Assignments\Assign 6\KGP_RISC\ALU.v" Line 37: Size mismatch in connection of port <cin>. Formal port size is 1-bit while actual signal size is 32-bit.

Elaborating module <shiftunit>.

Elaborating module <diffunit>.
WARNING:HDLCompiler:1127 - "D:\KGP Semesters\SEM 5\COA LAB\COA-Lab-22\Assignments\Assign 6\KGP_RISC\data_path.v" Line 87: Assignment to zero ignored, since the identifier is never used
WARNING:HDLCompiler:1127 - "D:\KGP Semesters\SEM 5\COA LAB\COA-Lab-22\Assignments\Assign 6\KGP_RISC\data_path.v" Line 88: Assignment to sign ignored, since the identifier is never used

Elaborating module <dff>.
WARNING:HDLCompiler:1127 - "D:\KGP Semesters\SEM 5\COA LAB\COA-Lab-22\Assignments\Assign 6\KGP_RISC\data_path.v" Line 95: Assignment to prevCarry ignored, since the identifier is never used
WARNING:HDLCompiler:634 - "D:\KGP Semesters\SEM 5\COA LAB\COA-Lab-22\Assignments\Assign 6\KGP_RISC\data_path.v" Line 37: Net <memRead[31]> does not have a driver.
WARNING:Xst:2972 - "D:\KGP Semesters\SEM 5\COA LAB\COA-Lab-22\Assignments\Assign 6\KGP_RISC\data_path.v" line 91. All outputs of instance <DFF> of block <dff> are unconnected in block <data_path>. Underlying logic will be removed.

=========================================================================
*                           HDL Synthesis                               *
=========================================================================

Synthesizing Unit <KGP_RISC>.
    Related source file is "D:\KGP Semesters\SEM 5\COA LAB\COA-Lab-22\Assignments\Assign 6\KGP_RISC\KGP_RISC.v".
    Summary:
	no macro.
Unit <KGP_RISC> synthesized.

Synthesizing Unit <control_unit>.
    Related source file is "D:\KGP Semesters\SEM 5\COA LAB\COA-Lab-22\Assignments\Assign 6\KGP_RISC\control_unit.v".
    Summary:
	inferred  33 Multiplexer(s).
Unit <control_unit> synthesized.

Synthesizing Unit <data_path>.
    Related source file is "D:\KGP Semesters\SEM 5\COA LAB\COA-Lab-22\Assignments\Assign 6\KGP_RISC\data_path.v".
WARNING:Xst:647 - Input <branch> is never used. This port will be preserved and left unconnected if it belongs to a top-level block or it belongs to a sub-block and the hierarchy of this sub-block is preserved.
WARNING:Xst:647 - Input <mem_write> is never used. This port will be preserved and left unconnected if it belongs to a top-level block or it belongs to a sub-block and the hierarchy of this sub-block is preserved.
INFO:Xst:3210 - "D:\KGP Semesters\SEM 5\COA LAB\COA-Lab-22\Assignments\Assign 6\KGP_RISC\data_path.v" line 60: Output port <pdaOut> of the instance <extender> is unconnected or connected to loadless signal.
INFO:Xst:3210 - "D:\KGP Semesters\SEM 5\COA LAB\COA-Lab-22\Assignments\Assign 6\KGP_RISC\data_path.v" line 79: Output port <zero> of the instance <alu> is unconnected or connected to loadless signal.
INFO:Xst:3210 - "D:\KGP Semesters\SEM 5\COA LAB\COA-Lab-22\Assignments\Assign 6\KGP_RISC\data_path.v" line 79: Output port <sign> of the instance <alu> is unconnected or connected to loadless signal.
INFO:Xst:3210 - "D:\KGP Semesters\SEM 5\COA LAB\COA-Lab-22\Assignments\Assign 6\KGP_RISC\data_path.v" line 91: Output port <out> of the instance <DFF> is unconnected or connected to loadless signal.
WARNING:Xst:653 - Signal <memRead> is used but never assigned. This sourceless signal will be automatically connected to value GND.
WARNING:Xst:653 - Signal <nextPC> is used but never assigned. This sourceless signal will be automatically connected to value GND.
    Summary:
	no macro.
Unit <data_path> synthesized.

Synthesizing Unit <mux_32_3X1>.
    Related source file is "D:\KGP Semesters\SEM 5\COA LAB\COA-Lab-22\Assignments\Assign 6\KGP_RISC\mux_32_3X1.v".
    Found 32-bit 4-to-1 multiplexer for signal <out> created at line 30.
    Summary:
	inferred   1 Multiplexer(s).
Unit <mux_32_3X1> synthesized.

Synthesizing Unit <Instruction_decoder>.
    Related source file is "D:\KGP Semesters\SEM 5\COA LAB\COA-Lab-22\Assignments\Assign 6\KGP_RISC\Instruction_decoder.v".
    Summary:
	no macro.
Unit <Instruction_decoder> synthesized.

Synthesizing Unit <bit_extend_unit>.
    Related source file is "D:\KGP Semesters\SEM 5\COA LAB\COA-Lab-22\Assignments\Assign 6\KGP_RISC\bit_extend_unit.v".
    Summary:
	no macro.
Unit <bit_extend_unit> synthesized.

Synthesizing Unit <register_file>.
    Related source file is "D:\KGP Semesters\SEM 5\COA LAB\COA-Lab-22\Assignments\Assign 6\KGP_RISC\register_file.v".
        ra = 5'b11111
    Found 1024-bit register for signal <n0045[1023:0]>.
    Found 32-bit 32-to-1 multiplexer for signal <rs_out> created at line 46.
    Found 32-bit 32-to-1 multiplexer for signal <rt_out> created at line 47.
    Summary:
	inferred 1024 D-type flip-flop(s).
	inferred  34 Multiplexer(s).
Unit <register_file> synthesized.

Synthesizing Unit <ALU>.
    Related source file is "D:\KGP Semesters\SEM 5\COA LAB\COA-Lab-22\Assignments\Assign 6\KGP_RISC\ALU.v".
    Found 32-bit adder for signal <a[31]_GND_8_o_add_3_OUT> created at line 45.
    Found 32-bit 7-to-1 multiplexer for signal <result> created at line 31.
WARNING:Xst:737 - Found 1-bit latch for signal <carry>. Latches may be generated from incomplete case or if statements. We do not recommend the use of latches in FPGA/CPLD designs, as they may lead to timing problems.
    Summary:
	inferred   1 Adder/Subtractor(s).
	inferred   1 Latch(s).
	inferred   1 Multiplexer(s).
Unit <ALU> synthesized.

Synthesizing Unit <adderunit>.
    Related source file is "D:\KGP Semesters\SEM 5\COA LAB\COA-Lab-22\Assignments\Assign 6\KGP_RISC\adderunit.v".
    Summary:
	no macro.
Unit <adderunit> synthesized.

Synthesizing Unit <CLA_16_bit_LCU>.
    Related source file is "D:\KGP Semesters\SEM 5\COA LAB\COA-Lab-22\Assignments\Assign 6\KGP_RISC\CLA_16_bit_LCU.v".
    Summary:
	no macro.
Unit <CLA_16_bit_LCU> synthesized.

Synthesizing Unit <Look_Ahead_Carry_Unit>.
    Related source file is "D:\KGP Semesters\SEM 5\COA LAB\COA-Lab-22\Assignments\Assign 6\KGP_RISC\Look_Ahead_Carry_Unit.v".
    Summary:
	no macro.
Unit <Look_Ahead_Carry_Unit> synthesized.

Synthesizing Unit <CLA_4_bit_augmented>.
    Related source file is "D:\KGP Semesters\SEM 5\COA LAB\COA-Lab-22\Assignments\Assign 6\KGP_RISC\CLA_4_bit_augmented.v".
    Summary:
Unit <CLA_4_bit_augmented> synthesized.

Synthesizing Unit <shiftunit>.
    Related source file is "D:\KGP Semesters\SEM 5\COA LAB\COA-Lab-22\Assignments\Assign 6\KGP_RISC\shiftunit.v".
    Found 32-bit shifter logical left for signal <in[31]_shamt[31]_shift_left_1_OUT> created at line 29
    Found 32-bit shifter logical right for signal <in[31]_shamt[31]_shift_right_3_OUT> created at line 32
    Found 32-bit shifter arithmetic right for signal <in[31]_shamt[31]_shift_right_5_OUT> created at line 35
    Found 1-bit 3-to-1 multiplexer for signal <result[31]_in[31]_MUX_1491_o> created at line 31.
    Found 1-bit 3-to-1 multiplexer for signal <result[31]_in[31]_MUX_1494_o> created at line 31.
    Found 1-bit 3-to-1 multiplexer for signal <result[31]_in[31]_MUX_1497_o> created at line 31.
    Found 1-bit 3-to-1 multiplexer for signal <result[31]_in[31]_MUX_1500_o> created at line 31.
    Found 1-bit 3-to-1 multiplexer for signal <result[31]_in[31]_MUX_1503_o> created at line 31.
    Found 1-bit 3-to-1 multiplexer for signal <result[31]_in[31]_MUX_1506_o> created at line 31.
    Found 1-bit 3-to-1 multiplexer for signal <result[31]_in[31]_MUX_1509_o> created at line 31.
    Found 1-bit 3-to-1 multiplexer for signal <result[31]_in[31]_MUX_1512_o> created at line 31.
    Found 1-bit 3-to-1 multiplexer for signal <result[31]_in[31]_MUX_1515_o> created at line 31.
    Found 1-bit 3-to-1 multiplexer for signal <result[31]_in[31]_MUX_1518_o> created at line 31.
    Found 1-bit 3-to-1 multiplexer for signal <result[31]_in[31]_MUX_1521_o> created at line 31.
    Found 1-bit 3-to-1 multiplexer for signal <result[31]_in[31]_MUX_1524_o> created at line 31.
    Found 1-bit 3-to-1 multiplexer for signal <result[31]_in[31]_MUX_1527_o> created at line 31.
    Found 1-bit 3-to-1 multiplexer for signal <result[31]_in[31]_MUX_1530_o> created at line 31.
    Found 1-bit 3-to-1 multiplexer for signal <result[31]_in[31]_MUX_1533_o> created at line 31.
    Found 1-bit 3-to-1 multiplexer for signal <result[31]_in[31]_MUX_1536_o> created at line 31.
    Found 1-bit 3-to-1 multiplexer for signal <result[31]_in[31]_MUX_1539_o> created at line 31.
    Found 1-bit 3-to-1 multiplexer for signal <result[31]_in[31]_MUX_1542_o> created at line 31.
    Found 1-bit 3-to-1 multiplexer for signal <result[31]_in[31]_MUX_1545_o> created at line 31.
    Found 1-bit 3-to-1 multiplexer for signal <result[31]_in[31]_MUX_1548_o> created at line 31.
    Found 1-bit 3-to-1 multiplexer for signal <result[31]_in[31]_MUX_1551_o> created at line 31.
    Found 1-bit 3-to-1 multiplexer for signal <result[31]_in[31]_MUX_1554_o> created at line 31.
    Found 1-bit 3-to-1 multiplexer for signal <result[31]_in[31]_MUX_1557_o> created at line 31.
    Found 1-bit 3-to-1 multiplexer for signal <result[31]_in[31]_MUX_1560_o> created at line 31.
    Found 1-bit 3-to-1 multiplexer for signal <result[31]_in[31]_MUX_1563_o> created at line 31.
    Found 1-bit 3-to-1 multiplexer for signal <result[31]_in[31]_MUX_1566_o> created at line 31.
    Found 1-bit 3-to-1 multiplexer for signal <result[31]_in[31]_MUX_1569_o> created at line 31.
    Found 1-bit 3-to-1 multiplexer for signal <result[31]_in[31]_MUX_1572_o> created at line 31.
    Found 1-bit 3-to-1 multiplexer for signal <result[31]_in[31]_MUX_1575_o> created at line 31.
    Found 1-bit 3-to-1 multiplexer for signal <result[31]_in[31]_MUX_1578_o> created at line 31.
    Found 1-bit 3-to-1 multiplexer for signal <result[31]_in[31]_MUX_1581_o> created at line 31.
    Found 1-bit 3-to-1 multiplexer for signal <result[31]_in[31]_MUX_1584_o> created at line 31.
WARNING:Xst:737 - Found 1-bit latch for signal <result<30>>. Latches may be generated from incomplete case or if statements. We do not recommend the use of latches in FPGA/CPLD designs, as they may lead to timing problems.
WARNING:Xst:737 - Found 1-bit latch for signal <result<29>>. Latches may be generated from incomplete case or if statements. We do not recommend the use of latches in FPGA/CPLD designs, as they may lead to timing problems.
WARNING:Xst:737 - Found 1-bit latch for signal <result<28>>. Latches may be generated from incomplete case or if statements. We do not recommend the use of latches in FPGA/CPLD designs, as they may lead to timing problems.
WARNING:Xst:737 - Found 1-bit latch for signal <result<27>>. Latches may be generated from incomplete case or if statements. We do not recommend the use of latches in FPGA/CPLD designs, as they may lead to timing problems.
WARNING:Xst:737 - Found 1-bit latch for signal <result<26>>. Latches may be generated from incomplete case or if statements. We do not recommend the use of latches in FPGA/CPLD designs, as they may lead to timing problems.
WARNING:Xst:737 - Found 1-bit latch for signal <result<25>>. Latches may be generated from incomplete case or if statements. We do not recommend the use of latches in FPGA/CPLD designs, as they may lead to timing problems.
WARNING:Xst:737 - Found 1-bit latch for signal <result<24>>. Latches may be generated from incomplete case or if statements. We do not recommend the use of latches in FPGA/CPLD designs, as they may lead to timing problems.
WARNING:Xst:737 - Found 1-bit latch for signal <result<23>>. Latches may be generated from incomplete case or if statements. We do not recommend the use of latches in FPGA/CPLD designs, as they may lead to timing problems.
WARNING:Xst:737 - Found 1-bit latch for signal <result<22>>. Latches may be generated from incomplete case or if statements. We do not recommend the use of latches in FPGA/CPLD designs, as they may lead to timing problems.
WARNING:Xst:737 - Found 1-bit latch for signal <result<21>>. Latches may be generated from incomplete case or if statements. We do not recommend the use of latches in FPGA/CPLD designs, as they may lead to timing problems.
WARNING:Xst:737 - Found 1-bit latch for signal <result<20>>. Latches may be generated from incomplete case or if statements. We do not recommend the use of latches in FPGA/CPLD designs, as they may lead to timing problems.
WARNING:Xst:737 - Found 1-bit latch for signal <result<19>>. Latches may be generated from incomplete case or if statements. We do not recommend the use of latches in FPGA/CPLD designs, as they may lead to timing problems.
WARNING:Xst:737 - Found 1-bit latch for signal <result<18>>. Latches may be generated from incomplete case or if statements. We do not recommend the use of latches in FPGA/CPLD designs, as they may lead to timing problems.
WARNING:Xst:737 - Found 1-bit latch for signal <result<17>>. Latches may be generated from incomplete case or if statements. We do not recommend the use of latches in FPGA/CPLD designs, as they may lead to timing problems.
WARNING:Xst:737 - Found 1-bit latch for signal <result<16>>. Latches may be generated from incomplete case or if statements. We do not recommend the use of latches in FPGA/CPLD designs, as they may lead to timing problems.
WARNING:Xst:737 - Found 1-bit latch for signal <result<15>>. Latches may be generated from incomplete case or if statements. We do not recommend the use of latches in FPGA/CPLD designs, as they may lead to timing problems.
WARNING:Xst:737 - Found 1-bit latch for signal <result<14>>. Latches may be generated from incomplete case or if statements. We do not recommend the use of latches in FPGA/CPLD designs, as they may lead to timing problems.
WARNING:Xst:737 - Found 1-bit latch for signal <result<13>>. Latches may be generated from incomplete case or if statements. We do not recommend the use of latches in FPGA/CPLD designs, as they may lead to timing problems.
WARNING:Xst:737 - Found 1-bit latch for signal <result<12>>. Latches may be generated from incomplete case or if statements. We do not recommend the use of latches in FPGA/CPLD designs, as they may lead to timing problems.
WARNING:Xst:737 - Found 1-bit latch for signal <result<11>>. Latches may be generated from incomplete case or if statements. We do not recommend the use of latches in FPGA/CPLD designs, as they may lead to timing problems.
WARNING:Xst:737 - Found 1-bit latch for signal <result<10>>. Latches may be generated from incomplete case or if statements. We do not recommend the use of latches in FPGA/CPLD designs, as they may lead to timing problems.
WARNING:Xst:737 - Found 1-bit latch for signal <result<9>>. Latches may be generated from incomplete case or if statements. We do not recommend the use of latches in FPGA/CPLD designs, as they may lead to timing problems.
WARNING:Xst:737 - Found 1-bit latch for signal <result<8>>. Latches may be generated from incomplete case or if statements. We do not recommend the use of latches in FPGA/CPLD designs, as they may lead to timing problems.
WARNING:Xst:737 - Found 1-bit latch for signal <result<7>>. Latches may be generated from incomplete case or if statements. We do not recommend the use of latches in FPGA/CPLD designs, as they may lead to timing problems.
WARNING:Xst:737 - Found 1-bit latch for signal <result<6>>. Latches may be generated from incomplete case or if statements. We do not recommend the use of latches in FPGA/CPLD designs, as they may lead to timing problems.
WARNING:Xst:737 - Found 1-bit latch for signal <result<5>>. Latches may be generated from incomplete case or if statements. We do not recommend the use of latches in FPGA/CPLD designs, as they may lead to timing problems.
WARNING:Xst:737 - Found 1-bit latch for signal <result<4>>. Latches may be generated from incomplete case or if statements. We do not recommend the use of latches in FPGA/CPLD designs, as they may lead to timing problems.
WARNING:Xst:737 - Found 1-bit latch for signal <result<3>>. Latches may be generated from incomplete case or if statements. We do not recommend the use of latches in FPGA/CPLD designs, as they may lead to timing problems.
WARNING:Xst:737 - Found 1-bit latch for signal <result<2>>. Latches may be generated from incomplete case or if statements. We do not recommend the use of latches in FPGA/CPLD designs, as they may lead to timing problems.
WARNING:Xst:737 - Found 1-bit latch for signal <result<1>>. Latches may be generated from incomplete case or if statements. We do not recommend the use of latches in FPGA/CPLD designs, as they may lead to timing problems.
WARNING:Xst:737 - Found 1-bit latch for signal <result<0>>. Latches may be generated from incomplete case or if statements. We do not recommend the use of latches in FPGA/CPLD designs, as they may lead to timing problems.
WARNING:Xst:737 - Found 1-bit latch for signal <result<31>>. Latches may be generated from incomplete case or if statements. We do not recommend the use of latches in FPGA/CPLD designs, as they may lead to timing problems.
    Summary:
	inferred  32 Latch(s).
	inferred  35 Multiplexer(s).
	inferred   3 Combinational logic shifter(s).
Unit <shiftunit> synthesized.

Synthesizing Unit <diffunit>.
    Related source file is "D:\KGP Semesters\SEM 5\COA LAB\COA-Lab-22\Assignments\Assign 6\KGP_RISC\diffunit.v".
    Found 32-bit subtractor for signal <tem2> created at line 24.
    Summary:
	inferred   1 Adder/Subtractor(s).
Unit <diffunit> synthesized.

=========================================================================
HDL Synthesis Report

Macro Statistics
# Adders/Subtractors                                   : 2
 32-bit adder                                          : 1
 32-bit subtractor                                     : 1
# Registers                                            : 1
 1024-bit register                                     : 1
# Latches                                              : 33
 1-bit latch                                           : 33
# Multiplexers                                         : 106
 1-bit 2-to-1 multiplexer                              : 8
 1-bit 3-to-1 multiplexer                              : 32
 2-bit 2-to-1 multiplexer                              : 15
 3-bit 2-to-1 multiplexer                              : 10
 32-bit 2-to-1 multiplexer                             : 35
 32-bit 32-to-1 multiplexer                            : 2
 32-bit 4-to-1 multiplexer                             : 3
 32-bit 7-to-1 multiplexer                             : 1
# Logic shifters                                       : 3
 32-bit shifter arithmetic right                       : 1
 32-bit shifter logical left                           : 1
 32-bit shifter logical right                          : 1
# Xors                                                 : 18
 32-bit xor2                                           : 2
 4-bit xor2                                            : 16

=========================================================================

=========================================================================
*                       Advanced HDL Synthesis                          *
=========================================================================


=========================================================================
Advanced HDL Synthesis Report

Macro Statistics
# Adders/Subtractors                                   : 2
 32-bit adder                                          : 1
 32-bit subtractor                                     : 1
# Registers                                            : 1024
 Flip-Flops                                            : 1024
# Multiplexers                                         : 106
 1-bit 2-to-1 multiplexer                              : 8
 1-bit 3-to-1 multiplexer                              : 32
 2-bit 2-to-1 multiplexer                              : 15
 3-bit 2-to-1 multiplexer                              : 10
 32-bit 2-to-1 multiplexer                             : 35
 32-bit 32-to-1 multiplexer                            : 2
 32-bit 4-to-1 multiplexer                             : 3
 32-bit 7-to-1 multiplexer                             : 1
# Logic shifters                                       : 3
 32-bit shifter arithmetic right                       : 1
 32-bit shifter logical left                           : 1
 32-bit shifter logical right                          : 1
# Xors                                                 : 18
 32-bit xor2                                           : 2
 4-bit xor2                                            : 16

=========================================================================

=========================================================================
*                         Low Level Synthesis                           *
=========================================================================

Optimizing unit <KGP_RISC> ...

Optimizing unit <register_file> ...

Optimizing unit <ALU> ...

Optimizing unit <shiftunit> ...
WARNING:Xst:2677 - Node <Data/alu/carry> of sequential type is unconnected in block <KGP_RISC>.

Mapping all equations...
Building and optimizing final netlist ...
Found area constraint ratio of 100 (+ 5) on block KGP_RISC, actual ratio is 5.

Final Macro Processing ...

=========================================================================
Final Register Report

Macro Statistics
# Registers                                            : 1024
 Flip-Flops                                            : 1024

=========================================================================

=========================================================================
*                           Partition Report                            *
=========================================================================

Partition Implementation Status
-------------------------------

  No Partitions were found in this design.

-------------------------------

=========================================================================
*                            Design Summary                             *
=========================================================================

Top Level Output File Name         : KGP_RISC.ngc

Primitive and Black Box Usage:
------------------------------
# BELS                             : 2586
#      GND                         : 1
#      INV                         : 31
#      LUT1                        : 1
#      LUT2                        : 10
#      LUT3                        : 40
#      LUT4                        : 18
#      LUT5                        : 1220
#      LUT6                        : 1049
#      MUXCY                       : 62
#      MUXF7                       : 89
#      VCC                         : 1
#      XORCY                       : 64
# FlipFlops/Latches                : 1056
#      FDCE                        : 1024
#      LD                          : 32
# Clock Buffers                    : 2
#      BUFG                        : 1
#      BUFGP                       : 1
# IO Buffers                       : 65
#      IBUF                        : 33
#      OBUF                        : 32

Device utilization summary:
---------------------------

Selected Device : 7a100tcsg324-1 


Slice Logic Utilization: 
 Number of Slice Registers:            1056  out of  126800     0%  
 Number of Slice LUTs:                 2369  out of  63400     3%  
    Number used as Logic:              2369  out of  63400     3%  

Slice Logic Distribution: 
 Number of LUT Flip Flop pairs used:   2369
   Number with an unused Flip Flop:    1313  out of   2369    55%  
   Number with an unused LUT:             0  out of   2369     0%  
   Number of fully used LUT-FF pairs:  1056  out of   2369    44%  
   Number of unique control sets:         2

IO Utilization: 
 Number of IOs:                          66
 Number of bonded IOBs:                  66  out of    210    31%  

Specific Feature Utilization:
 Number of BUFG/BUFGCTRLs:                2  out of     32     6%  

---------------------------
Partition Resource Summary:
---------------------------

  No Partitions were found in this design.

---------------------------


=========================================================================
Timing Report

NOTE: THESE TIMING NUMBERS ARE ONLY A SYNTHESIS ESTIMATE.
      FOR ACCURATE TIMING INFORMATION PLEASE REFER TO THE TRACE REPORT
      GENERATED AFTER PLACE-and-ROUTE.

Clock Information:
------------------
-------------------------------------------------------------------------------------------+---------------------------------+-------+
Clock Signal                                                                               | Clock buffer(FF name)           | Load  |
-------------------------------------------------------------------------------------------+---------------------------------+-------+
clk                                                                                        | BUFGP                           | 1024  |
Data/alu/shift/select[1]_select[1]_OR_110_o(Data/alu/shift/select[1]_select[1]_OR_110_o1:O)| BUFG(*)(Data/alu/shift/result_0)| 32    |
-------------------------------------------------------------------------------------------+---------------------------------+-------+
(*) This 1 clock signal(s) are generated by combinatorial logic,
and XST is not able to identify which are the primary clock signals.
Please use the CLOCK_SIGNAL constraint to specify the clock signal(s) generated by combinatorial logic.

Asynchronous Control Signals Information:
----------------------------------------
No asynchronous control signals found in this design

Timing Summary:
---------------
Speed Grade: -1

   Minimum period: 7.653ns (Maximum Frequency: 130.672MHz)
   Minimum input arrival time before clock: 7.988ns
   Maximum output required time after clock: 7.477ns
   Maximum combinational path delay: 7.812ns

Timing Details:
---------------
All values displayed in nanoseconds (ns)

=========================================================================
Timing constraint: Default period analysis for Clock 'clk'
  Clock period: 7.653ns (frequency: 130.672MHz)
  Total number of paths / destination ports: 6358016 / 1024
-------------------------------------------------------------------------
Delay:               7.653ns (Levels of Logic = 10)
  Source:            Data/reg_store/registers_0_833 (FF)
  Destination:       Data/reg_store/registers_0_1015 (FF)
  Source Clock:      clk rising
  Destination Clock: clk rising

  Data Path: Data/reg_store/registers_0_833 to Data/reg_store/registers_0_1015
                                Gate     Net
    Cell:in->out      fanout   Delay   Delay  Logical Name (Net Name)
    ----------------------------------------  ------------
     FDCE:C->Q             3   0.478   0.790  Data/reg_store/registers_0_833 (Data/reg_store/registers_0_833)
     LUT6:I2->O            1   0.124   0.776  Data/reg_store/Mmux_rt_out_834 (Data/reg_store/Mmux_rt_out_834)
     LUT6:I2->O            2   0.124   0.542  Data/reg_store/Mmux_rt_out_311 (Data/reg_store/Mmux_rt_out_311)
     LUT5:I3->O            5   0.124   0.563  Data/alu/mux/Mmux_out121 (Data/alu/muxOut<1>)
     LUT4:I2->O            2   0.124   0.427  Data/alu/add/c1/a0/G<3>11 (Data/alu/add/c1/a0/G<3>1)
     LUT6:I5->O            3   0.124   0.435  Data/alu/add/c1/a0/G<3>1 (Data/alu/add/c1/c<0>)
     LUT6:I5->O           15   0.124   0.808  Data/alu/add/c1/a1/c<2><1> (Data/alu/add/c1/a1/c<2>)
     LUT6:I3->O            6   0.124   0.454  Data/alu/add/c1/a3/c<2><1> (Data/alu/add/c1/a3/c<2>)
     LUT6:I5->O            1   0.124   0.536  Data/alu/add/c2/a1/c<2><1>3_SW3 (N233)
     LUT6:I4->O           33   0.124   0.574  Data/alu/Mmux_result157 (result_22_OBUF)
     LUT5:I4->O            1   0.124   0.000  Data/reg_store/Mmux_registers[0][31]_writeData[31]_mux_32_OUT151 (Data/reg_store/registers[0][31]_writeData[31]_mux_32_OUT<22>)
     FDCE:D                    0.030          Data/reg_store/registers_0_22
    ----------------------------------------
    Total                      7.653ns (1.748ns logic, 5.905ns route)
                                       (22.8% logic, 77.2% route)

=========================================================================
Timing constraint: Default OFFSET IN BEFORE for Clock 'clk'
  Total number of paths / destination ports: 5173248 / 3072
-------------------------------------------------------------------------
Offset:              7.988ns (Levels of Logic = 11)
  Source:            instruction<31> (PAD)
  Destination:       Data/reg_store/registers_0_1015 (FF)
  Destination Clock: clk rising

  Data Path: instruction<31> to Data/reg_store/registers_0_1015
                                Gate     Net
    Cell:in->out      fanout   Delay   Delay  Logical Name (Net Name)
    ----------------------------------------  ------------
     IBUF:I->O           163   0.001   1.100  instruction_31_IBUF (instruction_31_IBUF)
     LUT6:I1->O          155   0.124   0.895  Control/Mmux_ALUsource11 (ALUsource<0>)
     LUT5:I2->O            2   0.124   0.925  Data/reg_store/Mmux_rt_out_2_f7_10_SW0 (N54)
     LUT5:I0->O            5   0.124   0.563  Data/alu/mux/Mmux_out121 (Data/alu/muxOut<1>)
     LUT4:I2->O            2   0.124   0.427  Data/alu/add/c1/a0/G<3>11 (Data/alu/add/c1/a0/G<3>1)
     LUT6:I5->O            3   0.124   0.435  Data/alu/add/c1/a0/G<3>1 (Data/alu/add/c1/c<0>)
     LUT6:I5->O           15   0.124   0.808  Data/alu/add/c1/a1/c<2><1> (Data/alu/add/c1/a1/c<2>)
     LUT6:I3->O            6   0.124   0.454  Data/alu/add/c1/a3/c<2><1> (Data/alu/add/c1/a3/c<2>)
     LUT6:I5->O            1   0.124   0.536  Data/alu/add/c2/a1/c<2><1>3_SW3 (N233)
     LUT6:I4->O           33   0.124   0.574  Data/alu/Mmux_result157 (result_22_OBUF)
     LUT5:I4->O            1   0.124   0.000  Data/reg_store/Mmux_registers[0][31]_writeData[31]_mux_32_OUT151 (Data/reg_store/registers[0][31]_writeData[31]_mux_32_OUT<22>)
     FDCE:D                    0.030          Data/reg_store/registers_0_22
    ----------------------------------------
    Total                      7.988ns (1.271ns logic, 6.717ns route)
                                       (15.9% logic, 84.1% route)

=========================================================================
Timing constraint: Default OFFSET IN BEFORE for Clock 'Data/alu/shift/select[1]_select[1]_OR_110_o'
  Total number of paths / destination ports: 29155 / 32
-------------------------------------------------------------------------
Offset:              6.604ns (Levels of Logic = 9)
  Source:            instruction<22> (PAD)
  Destination:       Data/alu/shift/result_28 (LATCH)
  Destination Clock: Data/alu/shift/select[1]_select[1]_OR_110_o falling

  Data Path: instruction<22> to Data/alu/shift/result_28
                                Gate     Net
    Cell:in->out      fanout   Delay   Delay  Logical Name (Net Name)
    ----------------------------------------  ------------
     IBUF:I->O           257   0.001   1.141  instruction_22_IBUF (instruction_22_IBUF)
     LUT6:I0->O            1   0.124   0.776  Data/reg_store/Mmux_rs_out_876 (Data/reg_store/Mmux_rs_out_876)
     LUT6:I2->O            1   0.124   0.000  Data/reg_store/Mmux_rs_out_325 (Data/reg_store/Mmux_rs_out_325)
     MUXF7:I1->O          12   0.368   0.848  Data/reg_store/Mmux_rs_out_2_f7_24 (Data/rsOut<3>)
     LUT6:I2->O            3   0.124   0.790  Data/alu/shift/Sh1001 (Data/alu/shift/Sh100)
     LUT5:I1->O            3   0.124   0.435  Data/alu/shift/Sh14011 (Data/alu/shift/Sh1401)
     LUT5:I4->O            2   0.124   0.427  Data/alu/shift/Sh1401 (Data/alu/shift/Sh140)
     LUT5:I4->O            1   0.124   0.939  Data/alu/shift/Mmux_result[31]_in[31]_MUX_1491_o135 (Data/alu/shift/Mmux_result[31]_in[31]_MUX_1491_o136)
     LUT6:I0->O            1   0.124   0.000  Data/alu/shift/Mmux_result[31]_in[31]_MUX_1491_o136 (Data/alu/shift/result[31]_in[31]_MUX_1500_o)
     LD:D                      0.011          Data/alu/shift/result_28
    ----------------------------------------
    Total                      6.604ns (1.248ns logic, 5.356ns route)
                                       (18.9% logic, 81.1% route)

=========================================================================
Timing constraint: Default OFFSET OUT AFTER for Clock 'clk'
  Total number of paths / destination ports: 198656 / 32
-------------------------------------------------------------------------
Offset:              7.477ns (Levels of Logic = 10)
  Source:            Data/reg_store/registers_0_833 (FF)
  Destination:       result<23> (PAD)
  Source Clock:      clk rising

  Data Path: Data/reg_store/registers_0_833 to result<23>
                                Gate     Net
    Cell:in->out      fanout   Delay   Delay  Logical Name (Net Name)
    ----------------------------------------  ------------
     FDCE:C->Q             3   0.478   0.790  Data/reg_store/registers_0_833 (Data/reg_store/registers_0_833)
     LUT6:I2->O            1   0.124   0.776  Data/reg_store/Mmux_rt_out_834 (Data/reg_store/Mmux_rt_out_834)
     LUT6:I2->O            2   0.124   0.542  Data/reg_store/Mmux_rt_out_311 (Data/reg_store/Mmux_rt_out_311)
     LUT5:I3->O            5   0.124   0.563  Data/alu/mux/Mmux_out121 (Data/alu/muxOut<1>)
     LUT4:I2->O            2   0.124   0.427  Data/alu/add/c1/a0/G<3>11 (Data/alu/add/c1/a0/G<3>1)
     LUT6:I5->O            3   0.124   0.435  Data/alu/add/c1/a0/G<3>1 (Data/alu/add/c1/c<0>)
     LUT6:I5->O           15   0.124   0.808  Data/alu/add/c1/a1/c<2><1> (Data/alu/add/c1/a1/c<2>)
     LUT6:I3->O            6   0.124   0.454  Data/alu/add/c1/a3/c<2><1> (Data/alu/add/c1/a3/c<2>)
     LUT6:I5->O            1   0.124   0.536  Data/alu/add/c2/a1/c<2><1>3_SW3 (N233)
     LUT6:I4->O           33   0.124   0.552  Data/alu/Mmux_result157 (result_22_OBUF)
     OBUF:I->O                 0.000          result_22_OBUF (result<22>)
    ----------------------------------------
    Total                      7.477ns (1.594ns logic, 5.883ns route)
                                       (21.3% logic, 78.7% route)

=========================================================================
Timing constraint: Default OFFSET OUT AFTER for Clock 'Data/alu/shift/select[1]_select[1]_OR_110_o'
  Total number of paths / destination ports: 38 / 32
-------------------------------------------------------------------------
Offset:              3.980ns (Levels of Logic = 4)
  Source:            Data/alu/shift/result_31 (LATCH)
  Destination:       result<31> (PAD)
  Source Clock:      Data/alu/shift/select[1]_select[1]_OR_110_o falling

  Data Path: Data/alu/shift/result_31 to result<31>
                                Gate     Net
    Cell:in->out      fanout   Delay   Delay  Logical Name (Net Name)
    ----------------------------------------  ------------
     LD:G->Q               1   0.625   0.716  Data/alu/shift/result_31 (Data/alu/shift/result_31)
     LUT6:I3->O            1   0.124   0.939  Data/alu/Mmux_result251 (Data/alu/Mmux_result25)
     LUT6:I0->O            1   0.124   0.776  Data/alu/Mmux_result254 (Data/alu/Mmux_result253)
     LUT6:I2->O           33   0.124   0.552  Data/alu/Mmux_result257 (result_31_OBUF)
     OBUF:I->O                 0.000          result_31_OBUF (result<31>)
    ----------------------------------------
    Total                      3.980ns (0.997ns logic, 2.983ns route)
                                       (25.1% logic, 74.9% route)

=========================================================================
Timing constraint: Default path analysis
  Total number of paths / destination ports: 159552 / 32
-------------------------------------------------------------------------
Delay:               7.812ns (Levels of Logic = 11)
  Source:            instruction<31> (PAD)
  Destination:       result<23> (PAD)

  Data Path: instruction<31> to result<23>
                                Gate     Net
    Cell:in->out      fanout   Delay   Delay  Logical Name (Net Name)
    ----------------------------------------  ------------
     IBUF:I->O           163   0.001   1.100  instruction_31_IBUF (instruction_31_IBUF)
     LUT6:I1->O          155   0.124   0.895  Control/Mmux_ALUsource11 (ALUsource<0>)
     LUT5:I2->O            2   0.124   0.925  Data/reg_store/Mmux_rt_out_2_f7_10_SW0 (N54)
     LUT5:I0->O            5   0.124   0.563  Data/alu/mux/Mmux_out121 (Data/alu/muxOut<1>)
     LUT4:I2->O            2   0.124   0.427  Data/alu/add/c1/a0/G<3>11 (Data/alu/add/c1/a0/G<3>1)
     LUT6:I5->O            3   0.124   0.435  Data/alu/add/c1/a0/G<3>1 (Data/alu/add/c1/c<0>)
     LUT6:I5->O           15   0.124   0.808  Data/alu/add/c1/a1/c<2><1> (Data/alu/add/c1/a1/c<2>)
     LUT6:I3->O            6   0.124   0.454  Data/alu/add/c1/a3/c<2><1> (Data/alu/add/c1/a3/c<2>)
     LUT6:I5->O            1   0.124   0.536  Data/alu/add/c2/a1/c<2><1>3_SW3 (N233)
     LUT6:I4->O           33   0.124   0.552  Data/alu/Mmux_result157 (result_22_OBUF)
     OBUF:I->O                 0.000          result_22_OBUF (result<22>)
    ----------------------------------------
    Total                      7.812ns (1.117ns logic, 6.695ns route)
                                       (14.3% logic, 85.7% route)

=========================================================================

Cross Clock Domains Report:
--------------------------

Clock to Setup on destination clock Data/alu/shift/select[1]_select[1]_OR_110_o
---------------+---------+---------+---------+---------+
               | Src:Rise| Src:Fall| Src:Rise| Src:Fall|
Source Clock   |Dest:Rise|Dest:Rise|Dest:Fall|Dest:Fall|
---------------+---------+---------+---------+---------+
clk            |         |         |    6.730|         |
---------------+---------+---------+---------+---------+

Clock to Setup on destination clock clk
-------------------------------------------+---------+---------+---------+---------+
                                           | Src:Rise| Src:Fall| Src:Rise| Src:Fall|
Source Clock                               |Dest:Rise|Dest:Rise|Dest:Fall|Dest:Fall|
-------------------------------------------+---------+---------+---------+---------+
Data/alu/shift/select[1]_select[1]_OR_110_o|         |    4.156|         |         |
clk                                        |    7.653|         |         |         |
-------------------------------------------+---------+---------+---------+---------+

=========================================================================


Total REAL time to Xst completion: 14.00 secs
Total CPU time to Xst completion: 13.82 secs
 
--> 

Total memory usage is 4700668 kilobytes

Number of errors   :    0 (   0 filtered)
Number of warnings :   46 (   0 filtered)
Number of infos    :    4 (   0 filtered)

