Release 14.7 - xst P.20131013 (nt64)
Copyright (c) 1995-2013 Xilinx, Inc.  All rights reserved.
--> Parameter TMPDIR set to xst/projnav.tmp


Total REAL time to Xst completion: 0.00 secs
Total CPU time to Xst completion: 0.08 secs
 
--> Parameter xsthdpdir set to xst


Total REAL time to Xst completion: 0.00 secs
Total CPU time to Xst completion: 0.08 secs
 
--> Reading design: output_array.prj

TABLE OF CONTENTS
  1) Synthesis Options Summary
  2) HDL Parsing
  3) HDL Elaboration
  4) HDL Synthesis
       4.1) HDL Synthesis Report
  5) Advanced HDL Synthesis
       5.1) Advanced HDL Synthesis Report
  6) Low Level Synthesis
  7) Partition Report
  8) Design Summary
       8.1) Primitive and Black Box Usage
       8.2) Device utilization summary
       8.3) Partition Resource Summary
       8.4) Timing Report
            8.4.1) Clock Information
            8.4.2) Asynchronous Control Signals Information
            8.4.3) Timing Summary
            8.4.4) Timing Details
            8.4.5) Cross Clock Domains Report


=========================================================================
*                      Synthesis Options Summary                        *
=========================================================================
---- Source Parameters
Input File Name                    : "output_array.prj"
Ignore Synthesis Constraint File   : NO

---- Target Parameters
Output File Name                   : "output_array"
Output Format                      : NGC
Target Device                      : xc7a100t-1-csg324

---- Source Options
Top Module Name                    : output_array
Automatic FSM Extraction           : YES
FSM Encoding Algorithm             : Auto
Safe Implementation                : No
FSM Style                          : LUT
RAM Extraction                     : Yes
RAM Style                          : Auto
ROM Extraction                     : Yes
Shift Register Extraction          : YES
ROM Style                          : Auto
Resource Sharing                   : YES
Asynchronous To Synchronous        : NO
Shift Register Minimum Size        : 2
Use DSP Block                      : Auto
Automatic Register Balancing       : No

---- Target Options
LUT Combining                      : Auto
Reduce Control Sets                : Auto
Add IO Buffers                     : YES
Global Maximum Fanout              : 100000
Add Generic Clock Buffer(BUFG)     : 32
Register Duplication               : YES
Optimize Instantiated Primitives   : NO
Use Clock Enable                   : Auto
Use Synchronous Set                : Auto
Use Synchronous Reset              : Auto
Pack IO Registers into IOBs        : Auto
Equivalent register Removal        : YES

---- General Options
Optimization Goal                  : Speed
Optimization Effort                : 1
Power Reduction                    : NO
Keep Hierarchy                     : No
Netlist Hierarchy                  : As_Optimized
RTL Output                         : Yes
Global Optimization                : AllClockNets
Read Cores                         : YES
Write Timing Constraints           : NO
Cross Clock Analysis               : NO
Hierarchy Separator                : /
Bus Delimiter                      : <>
Case Specifier                     : Maintain
Slice Utilization Ratio            : 100
BRAM Utilization Ratio             : 100
DSP48 Utilization Ratio            : 100
Auto BRAM Packing                  : NO
Slice Utilization Ratio Delta      : 5

---- Other Options
Cores Search Directories           : {"ipcore_dir"  }

=========================================================================


=========================================================================
*                          HDL Parsing                                  *
=========================================================================
Analyzing Verilog file "D:\KGP Semesters\SEM 5\COA LAB\COA-Lab-22\Assignments\Assign 6\KGP_RISC\Look_Ahead_Carry_Unit.v" into library work
Parsing module <Look_Ahead_Carry_Unit>.
Analyzing Verilog file "D:\KGP Semesters\SEM 5\COA LAB\COA-Lab-22\Assignments\Assign 6\KGP_RISC\CLA_4_bit_augmented.v" into library work
Parsing module <CLA_4_bit_augmented>.
Analyzing Verilog file "D:\KGP Semesters\SEM 5\COA LAB\COA-Lab-22\Assignments\Assign 6\KGP_RISC\CLA_16_bit_LCU.v" into library work
Parsing module <CLA_16_bit_LCU>.
Analyzing Verilog file "D:\KGP Semesters\SEM 5\COA LAB\COA-Lab-22\Assignments\Assign 6\KGP_RISC\shiftunit.v" into library work
Parsing module <shiftunit>.
Analyzing Verilog file "D:\KGP Semesters\SEM 5\COA LAB\COA-Lab-22\Assignments\Assign 6\KGP_RISC\mux_32_3X1.v" into library work
Parsing module <mux_32_3X1>.
Analyzing Verilog file "D:\KGP Semesters\SEM 5\COA LAB\COA-Lab-22\Assignments\Assign 6\KGP_RISC\diffunit.v" into library work
Parsing module <diffunit>.
Analyzing Verilog file "D:\KGP Semesters\SEM 5\COA LAB\COA-Lab-22\Assignments\Assign 6\KGP_RISC\adderunit.v" into library work
Parsing module <adderunit>.
Analyzing Verilog file "D:\KGP Semesters\SEM 5\COA LAB\COA-Lab-22\Assignments\Assign 6\KGP_RISC\register_file.v" into library work
Parsing module <register_file>.
Analyzing Verilog file "D:\KGP Semesters\SEM 5\COA LAB\COA-Lab-22\Assignments\Assign 6\KGP_RISC\program_counter.v" into library work
Parsing module <program_counter>.
Analyzing Verilog file "D:\KGP Semesters\SEM 5\COA LAB\COA-Lab-22\Assignments\Assign 6\KGP_RISC\PC_increment.v" into library work
Parsing module <PC_increment>.
Analyzing Verilog file "D:\KGP Semesters\SEM 5\COA LAB\COA-Lab-22\Assignments\Assign 6\KGP_RISC\ipcore_dir\instr_memory_bram.v" into library work
Parsing module <instr_memory_bram>.
Analyzing Verilog file "D:\KGP Semesters\SEM 5\COA LAB\COA-Lab-22\Assignments\Assign 6\KGP_RISC\ipcore_dir\data_memory_bram.v" into library work
Parsing module <data_memory_bram>.
Analyzing Verilog file "D:\KGP Semesters\SEM 5\COA LAB\COA-Lab-22\Assignments\Assign 6\KGP_RISC\Instruction_decoder.v" into library work
Parsing module <Instruction_decoder>.
Analyzing Verilog file "D:\KGP Semesters\SEM 5\COA LAB\COA-Lab-22\Assignments\Assign 6\KGP_RISC\dff.v" into library work
Parsing module <dff>.
Analyzing Verilog file "D:\KGP Semesters\SEM 5\COA LAB\COA-Lab-22\Assignments\Assign 6\KGP_RISC\branch_mechanism.v" into library work
Parsing module <branch_mechanism>.
Analyzing Verilog file "D:\KGP Semesters\SEM 5\COA LAB\COA-Lab-22\Assignments\Assign 6\KGP_RISC\branch_checker.v" into library work
Parsing module <branch_checker>.
Analyzing Verilog file "D:\KGP Semesters\SEM 5\COA LAB\COA-Lab-22\Assignments\Assign 6\KGP_RISC\bit_extend_unit.v" into library work
Parsing module <bit_extend_unit>.
Analyzing Verilog file "D:\KGP Semesters\SEM 5\COA LAB\COA-Lab-22\Assignments\Assign 6\KGP_RISC\ALU.v" into library work
Parsing module <ALU>.
Analyzing Verilog file "D:\KGP Semesters\SEM 5\COA LAB\COA-Lab-22\Assignments\Assign 6\KGP_RISC\data_path.v" into library work
Parsing module <data_path>.
Analyzing Verilog file "D:\KGP Semesters\SEM 5\COA LAB\COA-Lab-22\Assignments\Assign 6\KGP_RISC\control_unit.v" into library work
Parsing module <control_unit>.
Analyzing Verilog file "D:\KGP Semesters\SEM 5\COA LAB\COA-Lab-22\Assignments\Assign 6\KGP_RISC\KGP_RISC.v" into library work
Parsing module <KGP_RISC>.
Analyzing Verilog file "D:\KGP Semesters\SEM 5\COA LAB\COA-Lab-22\Assignments\Assign 6\KGP_RISC\output_array.v" into library work
Parsing module <output_array>.

=========================================================================
*                            HDL Elaboration                            *
=========================================================================

Elaborating module <output_array>.
WARNING:HDLCompiler:413 - "D:\KGP Semesters\SEM 5\COA LAB\COA-Lab-22\Assignments\Assign 6\KGP_RISC\output_array.v" Line 28: Result of 32-bit expression is truncated to fit in 1-bit target.

Elaborating module <KGP_RISC>.

Elaborating module <control_unit>.

Elaborating module <data_path>.

Elaborating module <mux_32_3X1>.
WARNING:HDLCompiler:189 - "D:\KGP Semesters\SEM 5\COA LAB\COA-Lab-22\Assignments\Assign 6\KGP_RISC\data_path.v" Line 46: Size mismatch in connection of port <a2>. Formal port size is 32-bit while actual signal size is 13-bit.

Elaborating module <Instruction_decoder>.

Elaborating module <bit_extend_unit>.

Elaborating module <register_file>.
WARNING:HDLCompiler:189 - "D:\KGP Semesters\SEM 5\COA LAB\COA-Lab-22\Assignments\Assign 6\KGP_RISC\register_file.v" Line 34: Size mismatch in connection of port <a0>. Formal port size is 32-bit while actual signal size is 5-bit.

Elaborating module <ALU>.

Elaborating module <adderunit>.

Elaborating module <CLA_16_bit_LCU>.

Elaborating module <Look_Ahead_Carry_Unit>.

Elaborating module <CLA_4_bit_augmented>.

Elaborating module <shiftunit>.

Elaborating module <diffunit>.
WARNING:HDLCompiler:189 - "D:\KGP Semesters\SEM 5\COA LAB\COA-Lab-22\Assignments\Assign 6\KGP_RISC\ALU.v" Line 41: Size mismatch in connection of port <out>. Formal port size is 6-bit while actual signal size is 1-bit.
WARNING:HDLCompiler:1127 - "D:\KGP Semesters\SEM 5\COA LAB\COA-Lab-22\Assignments\Assign 6\KGP_RISC\ALU.v" Line 41: Assignment to diff_zero ignored, since the identifier is never used

Elaborating module <dff>.

Elaborating module <program_counter>.

Elaborating module <PC_increment>.
WARNING:HDLCompiler:413 - "D:\KGP Semesters\SEM 5\COA LAB\COA-Lab-22\Assignments\Assign 6\KGP_RISC\PC_increment.v" Line 25: Result of 14-bit expression is truncated to fit in 13-bit target.

Elaborating module <branch_checker>.

Elaborating module <branch_mechanism>.
WARNING:HDLCompiler:413 - "D:\KGP Semesters\SEM 5\COA LAB\COA-Lab-22\Assignments\Assign 6\KGP_RISC\branch_mechanism.v" Line 41: Result of 32-bit expression is truncated to fit in 13-bit target.
WARNING:HDLCompiler:413 - "D:\KGP Semesters\SEM 5\COA LAB\COA-Lab-22\Assignments\Assign 6\KGP_RISC\branch_mechanism.v" Line 44: Result of 32-bit expression is truncated to fit in 13-bit target.
WARNING:HDLCompiler:413 - "D:\KGP Semesters\SEM 5\COA LAB\COA-Lab-22\Assignments\Assign 6\KGP_RISC\branch_mechanism.v" Line 47: Result of 32-bit expression is truncated to fit in 13-bit target.

Elaborating module <data_memory_bram>.
WARNING:HDLCompiler:1499 - "D:\KGP Semesters\SEM 5\COA LAB\COA-Lab-22\Assignments\Assign 6\KGP_RISC\ipcore_dir\data_memory_bram.v" Line 39: Empty module <data_memory_bram> remains a black box.
WARNING:HDLCompiler:189 - "D:\KGP Semesters\SEM 5\COA LAB\COA-Lab-22\Assignments\Assign 6\KGP_RISC\data_path.v" Line 125: Size mismatch in connection of port <addra>. Formal port size is 11-bit while actual signal size is 32-bit.

Elaborating module <instr_memory_bram>.
WARNING:HDLCompiler:1499 - "D:\KGP Semesters\SEM 5\COA LAB\COA-Lab-22\Assignments\Assign 6\KGP_RISC\ipcore_dir\instr_memory_bram.v" Line 39: Empty module <instr_memory_bram> remains a black box.
WARNING:HDLCompiler:1127 - "D:\KGP Semesters\SEM 5\COA LAB\COA-Lab-22\Assignments\Assign 6\KGP_RISC\output_array.v" Line 34: Assignment to result ignored, since the identifier is never used
ERROR:HDLCompiler:418 - "D:\KGP Semesters\SEM 5\COA LAB\COA-Lab-22\Assignments\Assign 6\KGP_RISC\output_array.v" Line 65: External reference <inst> remains unresolved.
ERROR:HDLCompiler:458 - "D:\KGP Semesters\SEM 5\COA LAB\COA-Lab-22\Assignments\Assign 6\KGP_RISC\output_array.v" Line 65: Hierarchical branch index should be a constant
Module output_array remains a blackbox, due to errors in its contents
WARNING:HDLCompiler:1499 - "D:\KGP Semesters\SEM 5\COA LAB\COA-Lab-22\Assignments\Assign 6\KGP_RISC\output_array.v" Line 21: Empty module <output_array> remains a black box.
--> 

Total memory usage is 4495076 kilobytes

Number of errors   :    2 (   0 filtered)
Number of warnings :   14 (   0 filtered)
Number of infos    :    0 (   0 filtered)

